// Jest Snapshot v1, https://goo.gl/fbAQLP

exports[`Testing of App component Should match snapshot 1`] = `
<body>
  <div>
    <div
      class="MuiGrid-root css-3nu7wj-MuiGrid-root"
    >
      <div
        class="css-1p5q5e5-MuiStack-root"
      >
        <div
          class="MuiBox-root css-1rxdjlo"
        >
          <h1
            class="MuiTypography-root MuiTypography-body1 css-67bd63-MuiTypography-root"
          >
            Todo Application
          </h1>
          <div
            class="MuiBox-root css-70qvj9"
          >
            <button
              class="MuiButton-root MuiButton-contained MuiButton-containedSecondary MuiButton-sizeMedium MuiButton-containedSizeMedium MuiButtonBase-root  css-1bpvkio-MuiButtonBase-root-MuiButton-root"
              data-testid="todo-create-button"
              tabindex="0"
              type="button"
            >
              <svg
                aria-hidden="true"
                class="MuiSvgIcon-root MuiSvgIcon-fontSizeMedium css-elhp89-MuiSvgIcon-root"
                data-testid="ListAltIcon"
                focusable="false"
                viewBox="0 0 24 24"
              >
                <path
                  d="M19 5v14H5V5h14m1.1-2H3.9c-.5 0-.9.4-.9.9v16.2c0 .4.4.9.9.9h16.2c.4 0 .9-.5.9-.9V3.9c0-.5-.5-.9-.9-.9zM11 7h6v2h-6V7zm0 4h6v2h-6v-2zm0 4h6v2h-6zM7 7h2v2H7zm0 4h2v2H7zm0 4h2v2H7z"
                />
              </svg>
              <p
                class="MuiTypography-root MuiTypography-body1 css-1k3ks9m-MuiTypography-root"
              >
                Create Todo
              </p>
              <span
                class="MuiTouchRipple-root css-8je8zh-MuiTouchRipple-root"
              />
            </button>
          </div>
        </div>
        <div
          class="MuiBox-root css-1spr8f0"
        >
          <div
            class="MuiBox-root css-0"
          >
            <div
              class="MuiToggleButtonGroup-root css-1e9i4it-MuiToggleButtonGroup-root"
              role="group"
            >
              <button
                aria-pressed="true"
                class="MuiButtonBase-root MuiToggleButton-root Mui-selected MuiToggleButton-sizeMedium MuiToggleButton-primary MuiToggleButtonGroup-grouped MuiToggleButtonGroup-groupedHorizontal css-1iudn88-MuiButtonBase-root-MuiToggleButton-root"
                tabindex="0"
                type="button"
                value="all"
              >
                All
                <span
                  class="MuiTouchRipple-root css-8je8zh-MuiTouchRipple-root"
                />
              </button>
              <button
                aria-pressed="false"
                class="MuiButtonBase-root MuiToggleButton-root MuiToggleButton-sizeMedium MuiToggleButton-primary MuiToggleButtonGroup-grouped MuiToggleButtonGroup-groupedHorizontal css-1iudn88-MuiButtonBase-root-MuiToggleButton-root"
                tabindex="0"
                type="button"
                value="completed"
              >
                Completed
                <span
                  class="MuiTouchRipple-root css-8je8zh-MuiTouchRipple-root"
                />
              </button>
              <button
                aria-pressed="false"
                class="MuiButtonBase-root MuiToggleButton-root MuiToggleButton-sizeMedium MuiToggleButton-primary MuiToggleButtonGroup-grouped MuiToggleButtonGroup-groupedHorizontal css-1iudn88-MuiButtonBase-root-MuiToggleButton-root"
                tabindex="0"
                type="button"
                value="incomplete"
              >
                Incomplete
                <span
                  class="MuiTouchRipple-root css-8je8zh-MuiTouchRipple-root"
                />
              </button>
            </div>
            <hr />
            <div
              class="MuiBox-root css-1jpm9pd"
            >
              <div
                class="MuiGrid-root MuiGrid-container MuiGrid-spacing-xs-2 css-mhc70k-MuiGrid-root"
              >
                <div
                  class="MuiGrid-root MuiGrid-item MuiGrid-grid-xs-12 MuiGrid-grid-sm-6 MuiGrid-grid-lg-4 css-1tppydz-MuiGrid-root"
                >
                  <div
                    class="MuiBox-root css-1tesdz0"
                  >
                    <div
                      class="css-1nva18r-MuiStack-root"
                    >
                      <span
                        class="MuiSkeleton-root MuiSkeleton-rectangular MuiSkeleton-pulse css-tqb5fd-MuiSkeleton-root"
                        style="width: 80%; height: 40px;"
                      />
                      <span
                        class="MuiSkeleton-root MuiSkeleton-rectangular MuiSkeleton-pulse css-tqb5fd-MuiSkeleton-root"
                        style="height: 95px;"
                      />
                      <div
                        class="css-1y2jz8o-MuiStack-root"
                      >
                        <span
                          class="MuiSkeleton-root MuiSkeleton-rectangular MuiSkeleton-pulse css-flnd2e-MuiSkeleton-root"
                          style="width: 90px; height: 35px;"
                        />
                        <span
                          class="MuiSkeleton-root MuiSkeleton-rectangular MuiSkeleton-pulse css-flnd2e-MuiSkeleton-root"
                          style="width: 90px; height: 35px;"
                        />
                      </div>
                    </div>
                  </div>
                </div>
                <div
                  class="MuiGrid-root MuiGrid-item MuiGrid-grid-xs-12 MuiGrid-grid-sm-6 MuiGrid-grid-lg-4 css-1tppydz-MuiGrid-root"
                >
                  <div
                    class="MuiBox-root css-1tesdz0"
                  >
                    <div
                      class="css-1nva18r-MuiStack-root"
                    >
                      <span
                        class="MuiSkeleton-root MuiSkeleton-rectangular MuiSkeleton-pulse css-tqb5fd-MuiSkeleton-root"
                        style="width: 80%; height: 40px;"
                      />
                      <span
                        class="MuiSkeleton-root MuiSkeleton-rectangular MuiSkeleton-pulse css-tqb5fd-MuiSkeleton-root"
                        style="height: 95px;"
                      />
                      <div
                        class="css-1y2jz8o-MuiStack-root"
                      >
                        <span
                          class="MuiSkeleton-root MuiSkeleton-rectangular MuiSkeleton-pulse css-flnd2e-MuiSkeleton-root"
                          style="width: 90px; height: 35px;"
                        />
                        <span
                          class="MuiSkeleton-root MuiSkeleton-rectangular MuiSkeleton-pulse css-flnd2e-MuiSkeleton-root"
                          style="width: 90px; height: 35px;"
                        />
                      </div>
                    </div>
                  </div>
                </div>
                <div
                  class="MuiGrid-root MuiGrid-item MuiGrid-grid-xs-12 MuiGrid-grid-sm-6 MuiGrid-grid-lg-4 css-1tppydz-MuiGrid-root"
                >
                  <div
                    class="MuiBox-root css-1tesdz0"
                  >
                    <div
                      class="css-1nva18r-MuiStack-root"
                    >
                      <span
                        class="MuiSkeleton-root MuiSkeleton-rectangular MuiSkeleton-pulse css-tqb5fd-MuiSkeleton-root"
                        style="width: 80%; height: 40px;"
                      />
                      <span
                        class="MuiSkeleton-root MuiSkeleton-rectangular MuiSkeleton-pulse css-tqb5fd-MuiSkeleton-root"
                        style="height: 95px;"
                      />
                      <div
                        class="css-1y2jz8o-MuiStack-root"
                      >
                        <span
                          class="MuiSkeleton-root MuiSkeleton-rectangular MuiSkeleton-pulse css-flnd2e-MuiSkeleton-root"
                          style="width: 90px; height: 35px;"
                        />
                        <span
                          class="MuiSkeleton-root MuiSkeleton-rectangular MuiSkeleton-pulse css-flnd2e-MuiSkeleton-root"
                          style="width: 90px; height: 35px;"
                        />
                      </div>
                    </div>
                  </div>
                </div>
                <div
                  class="MuiGrid-root MuiGrid-item MuiGrid-grid-xs-12 MuiGrid-grid-sm-6 MuiGrid-grid-lg-4 css-1tppydz-MuiGrid-root"
                >
                  <div
                    class="MuiBox-root css-1tesdz0"
                  >
                    <div
                      class="css-1nva18r-MuiStack-root"
                    >
                      <span
                        class="MuiSkeleton-root MuiSkeleton-rectangular MuiSkeleton-pulse css-tqb5fd-MuiSkeleton-root"
                        style="width: 80%; height: 40px;"
                      />
                      <span
                        class="MuiSkeleton-root MuiSkeleton-rectangular MuiSkeleton-pulse css-tqb5fd-MuiSkeleton-root"
                        style="height: 95px;"
                      />
                      <div
                        class="css-1y2jz8o-MuiStack-root"
                      >
                        <span
                          class="MuiSkeleton-root MuiSkeleton-rectangular MuiSkeleton-pulse css-flnd2e-MuiSkeleton-root"
                          style="width: 90px; height: 35px;"
                        />
                        <span
                          class="MuiSkeleton-root MuiSkeleton-rectangular MuiSkeleton-pulse css-flnd2e-MuiSkeleton-root"
                          style="width: 90px; height: 35px;"
                        />
                      </div>
                    </div>
                  </div>
                </div>
                <div
                  class="MuiGrid-root MuiGrid-item MuiGrid-grid-xs-12 MuiGrid-grid-sm-6 MuiGrid-grid-lg-4 css-1tppydz-MuiGrid-root"
                >
                  <div
                    class="MuiBox-root css-1tesdz0"
                  >
                    <div
                      class="css-1nva18r-MuiStack-root"
                    >
                      <span
                        class="MuiSkeleton-root MuiSkeleton-rectangular MuiSkeleton-pulse css-tqb5fd-MuiSkeleton-root"
                        style="width: 80%; height: 40px;"
                      />
                      <span
                        class="MuiSkeleton-root MuiSkeleton-rectangular MuiSkeleton-pulse css-tqb5fd-MuiSkeleton-root"
                        style="height: 95px;"
                      />
                      <div
                        class="css-1y2jz8o-MuiStack-root"
                      >
                        <span
                          class="MuiSkeleton-root MuiSkeleton-rectangular MuiSkeleton-pulse css-flnd2e-MuiSkeleton-root"
                          style="width: 90px; height: 35px;"
                        />
                        <span
                          class="MuiSkeleton-root MuiSkeleton-rectangular MuiSkeleton-pulse css-flnd2e-MuiSkeleton-root"
                          style="width: 90px; height: 35px;"
                        />
                      </div>
                    </div>
                  </div>
                </div>
                <div
                  class="MuiGrid-root MuiGrid-item MuiGrid-grid-xs-12 MuiGrid-grid-sm-6 MuiGrid-grid-lg-4 css-1tppydz-MuiGrid-root"
                >
                  <div
                    class="MuiBox-root css-1tesdz0"
                  >
                    <div
                      class="css-1nva18r-MuiStack-root"
                    >
                      <span
                        class="MuiSkeleton-root MuiSkeleton-rectangular MuiSkeleton-pulse css-tqb5fd-MuiSkeleton-root"
                        style="width: 80%; height: 40px;"
                      />
                      <span
                        class="MuiSkeleton-root MuiSkeleton-rectangular MuiSkeleton-pulse css-tqb5fd-MuiSkeleton-root"
                        style="height: 95px;"
                      />
                      <div
                        class="css-1y2jz8o-MuiStack-root"
                      >
                        <span
                          class="MuiSkeleton-root MuiSkeleton-rectangular MuiSkeleton-pulse css-flnd2e-MuiSkeleton-root"
                          style="width: 90px; height: 35px;"
                        />
                        <span
                          class="MuiSkeleton-root MuiSkeleton-rectangular MuiSkeleton-pulse css-flnd2e-MuiSkeleton-root"
                          style="width: 90px; height: 35px;"
                        />
                      </div>
                    </div>
                  </div>
                </div>
                <div
                  class="MuiGrid-root MuiGrid-item MuiGrid-grid-xs-12 MuiGrid-grid-sm-6 MuiGrid-grid-lg-4 css-1tppydz-MuiGrid-root"
                >
                  <div
                    class="MuiBox-root css-1tesdz0"
                  >
                    <div
                      class="css-1nva18r-MuiStack-root"
                    >
                      <span
                        class="MuiSkeleton-root MuiSkeleton-rectangular MuiSkeleton-pulse css-tqb5fd-MuiSkeleton-root"
                        style="width: 80%; height: 40px;"
                      />
                      <span
                        class="MuiSkeleton-root MuiSkeleton-rectangular MuiSkeleton-pulse css-tqb5fd-MuiSkeleton-root"
                        style="height: 95px;"
                      />
                      <div
                        class="css-1y2jz8o-MuiStack-root"
                      >
                        <span
                          class="MuiSkeleton-root MuiSkeleton-rectangular MuiSkeleton-pulse css-flnd2e-MuiSkeleton-root"
                          style="width: 90px; height: 35px;"
                        />
                        <span
                          class="MuiSkeleton-root MuiSkeleton-rectangular MuiSkeleton-pulse css-flnd2e-MuiSkeleton-root"
                          style="width: 90px; height: 35px;"
                        />
                      </div>
                    </div>
                  </div>
                </div>
                <div
                  class="MuiGrid-root MuiGrid-item MuiGrid-grid-xs-12 MuiGrid-grid-sm-6 MuiGrid-grid-lg-4 css-1tppydz-MuiGrid-root"
                >
                  <div
                    class="MuiBox-root css-1tesdz0"
                  >
                    <div
                      class="css-1nva18r-MuiStack-root"
                    >
                      <span
                        class="MuiSkeleton-root MuiSkeleton-rectangular MuiSkeleton-pulse css-tqb5fd-MuiSkeleton-root"
                        style="width: 80%; height: 40px;"
                      />
                      <span
                        class="MuiSkeleton-root MuiSkeleton-rectangular MuiSkeleton-pulse css-tqb5fd-MuiSkeleton-root"
                        style="height: 95px;"
                      />
                      <div
                        class="css-1y2jz8o-MuiStack-root"
                      >
                        <span
                          class="MuiSkeleton-root MuiSkeleton-rectangular MuiSkeleton-pulse css-flnd2e-MuiSkeleton-root"
                          style="width: 90px; height: 35px;"
                        />
                        <span
                          class="MuiSkeleton-root MuiSkeleton-rectangular MuiSkeleton-pulse css-flnd2e-MuiSkeleton-root"
                          style="width: 90px; height: 35px;"
                        />
                      </div>
                    </div>
                  </div>
                </div>
                <div
                  class="MuiGrid-root MuiGrid-item MuiGrid-grid-xs-12 MuiGrid-grid-sm-6 MuiGrid-grid-lg-4 css-1tppydz-MuiGrid-root"
                >
                  <div
                    class="MuiBox-root css-1tesdz0"
                  >
                    <div
                      class="css-1nva18r-MuiStack-root"
                    >
                      <span
                        class="MuiSkeleton-root MuiSkeleton-rectangular MuiSkeleton-pulse css-tqb5fd-MuiSkeleton-root"
                        style="width: 80%; height: 40px;"
                      />
                      <span
                        class="MuiSkeleton-root MuiSkeleton-rectangular MuiSkeleton-pulse css-tqb5fd-MuiSkeleton-root"
                        style="height: 95px;"
                      />
                      <div
                        class="css-1y2jz8o-MuiStack-root"
                      >
                        <span
                          class="MuiSkeleton-root MuiSkeleton-rectangular MuiSkeleton-pulse css-flnd2e-MuiSkeleton-root"
                          style="width: 90px; height: 35px;"
                        />
                        <span
                          class="MuiSkeleton-root MuiSkeleton-rectangular MuiSkeleton-pulse css-flnd2e-MuiSkeleton-root"
                          style="width: 90px; height: 35px;"
                        />
                      </div>
                    </div>
                  </div>
                </div>
              </div>
            </div>
          </div>
        </div>
      </div>
    </div>
  </div>
</body>
`;
